<?xml version="1.0" encoding="utf-8" standalone="no"?><test-results xsi:noNamespaceSchemaLocation="nunit_schema_2.5.xsd" name="PSRule" total="7" errors="0" failures="3" not-run="0" inconclusive="0" ignored="0" skipped="0" invalid="0" date="2023-11-07" time="00:00:00" xmlns:xsi="http://www.w3.org/2001/XMLSchema-instance"><environment user="pazdedav" machine-name="dapazd-mbook" cwd="/Users/pazdedav/repos/nic-2023-project" user-domain="dapazd-mbook" platform="Unix" nunit-version="2.5.8.0" os-version="14.1.0" clr-version="7.0.13" /><culture-info current-culture="en-US" current-uiculture="en-US" /><test-suite type="TestFixture" name="akv01" executed="True" result="Failure" success="False" time="0" asserts="1" description=""><results><test-case description="This policy enables you to restrict the locations your organization can specify when deploying resources. Use to enforce your geo-compliance requirements. Excludes resource groups, Microsoft.AzureActiveDirectory/b2cDirectories, and resources that use the 'global' region." name="akv01 -- Azure.Policy.67401da3f0d7" time="0" asserts="0" success="False" result="Failure" executed="True"><failure><message><![CDATA[This policy enables you to restrict the locations your organization can specify when deploying resources. Use to enforce your geo-compliance requirements. Excludes resource groups, Microsoft.AzureActiveDirectory/b2cDirectories, and resources that use the 'global' region.

The following reasons were reported:

- Is set to 'deny'.
]]></message><stack-trace><![CDATA[]]></stack-trace></failure></test-case><test-case description="Audit enabling of resource logs. This enables you to recreate activity trails to use for investigation purposes when a security incident occurs or when your network is compromised" name="akv01 -- Azure.Policy.3b93d6157129" time="0" asserts="0" success="True" result="Success" executed="True" /><test-case description="Azure Private Link lets you connect your virtual networks to Azure services without a public IP address at the source or destination. The Private Link platform handles the connectivity between the consumer and services over the Azure backbone network. By mapping private endpoints to key vault, you can reduce data leakage risks. Learn more about private links at: https://aka.ms/akvprivatelink." name="akv01 -- Azure.Policy.4bfa43127093" time="0" asserts="0" success="True" result="Success" executed="True" /></results></test-suite><test-suite type="TestFixture" name="vm01" executed="True" result="Failure" success="False" time="0" asserts="2" description=""><results><test-case description="This policy enables you to restrict the locations your organization can specify when deploying resources. Use to enforce your geo-compliance requirements. Excludes resource groups, Microsoft.AzureActiveDirectory/b2cDirectories, and resources that use the 'global' region." name="vm01 -- Azure.Policy.67401da3f0d7" time="0" asserts="0" success="False" result="Failure" executed="True"><failure><message><![CDATA[This policy enables you to restrict the locations your organization can specify when deploying resources. Use to enforce your geo-compliance requirements. Excludes resource groups, Microsoft.AzureActiveDirectory/b2cDirectories, and resources that use the 'global' region.

The following reasons were reported:

- Is set to 'deny'.
]]></message><stack-trace><![CDATA[]]></stack-trace></failure></test-case><test-case description="To ensure secure configurations of in-guest settings of your machine, install the Guest Configuration extension. In-guest settings that the extension monitors include the configuration of the operating system, application configuration or presence, and environment settings. Once installed, in-guest policies will be available such as 'Windows Exploit guard should be enabled'. Learn more at https://aka.ms/gcpol." name="vm01 -- Azure.Policy.5b6dfb68a5e4" time="0" asserts="0" success="True" result="Success" executed="True" /><test-case description="Security Center uses the Microsoft Dependency agent to collect network traffic data from your Azure virtual machines to enable advanced network protection features such as traffic visualization on the network map, network hardening recommendations and specific network threats." name="vm01 -- Azure.Policy.0bd9037ec7b0" time="0" asserts="0" success="True" result="Success" executed="True" /><test-case description="Use encryption at host to get end-to-end encryption for your virtual machine and virtual machine scale set data. Encryption at host enables encryption at rest for your temporary disk and OS/data disk caches. Temporary and ephemeral OS disks are encrypted with platform-managed keys when encryption at host is enabled. OS/data disk caches are encrypted at rest with either customer-managed or platform-managed key, depending on the encryption type selected on the disk. Learn more at https://aka.ms/vm-hbe." name="vm01 -- Azure.Policy.66d55bd712d1" time="0" asserts="0" success="False" result="Failure" executed="True"><failure><message><![CDATA[Use encryption at host to get end-to-end encryption for your virtual machine and virtual machine scale set data. Encryption at host enables encryption at rest for your temporary disk and OS/data disk caches. Temporary and ephemeral OS disks are encrypted with platform-managed keys when encryption at host is enabled. OS/data disk caches are encrypted at rest with either customer-managed or platform-managed key, depending on the encryption type selected on the disk. Learn more at https://aka.ms/vm-hbe.

The following reasons were reported:

- Is set to 'Audit'.
]]></message><stack-trace><![CDATA[]]></stack-trace></failure></test-case></results></test-suite></test-results>